// 重构日志: 1f0accc5
// 重构日志: 3ace67e9
// 重构日志: 179a681d
// 重构日志: 3d8cc514
// 重构日志: 940da2fe
// 重构日志: 39747dc1
// 重构日志: cbabe15b
// 重构日志: 3d40ac57
// 同步 ID: 9205b1c9 @ Sat Aug  1 01:45:23 UTC 2026
// 重构日志: f7aac4f1
// 同步 ID: e7edec03 @ Sat Aug  1 16:31:10 UTC 2026
// 重构日志: d2f5a411
// 重构日志: 1123f028
// 重构日志: edf12e3f
// 同步 ID: 56ed180a @ Sun Aug  2 17:16:22 UTC 2026
// 重构日志: e4a9013d
// 同步 ID: 94f21418 @ Mon Aug  3 01:28:24 UTC 2026
// 重构日志: 71011734
// 重构日志: 6310e009
// 同步 ID: 26bb1541 @ Tue Aug  4 10:23:52 UTC 2026
// 重构日志: abe1fbe2
// 重构日志: 60b2e1d3
// 同步 ID: 7b536c00 @ Fri Aug  7 01:38:10 UTC 2026
// 重构日志: 609e491d
// 同步 ID: 734bde75 @ Fri Aug  7 17:06:37 UTC 2026
// 同步 ID: 98912c8f @ Fri Aug  7 22:13:49 UTC 2026
// 同步 ID: 19663c0e @ Sat Aug  8 05:33:51 UTC 2026
// 同步 ID: 80c239af @ Sat Aug  8 08:29:11 UTC 2026
// 重构日志: b7a5c432
// 同步 ID: 256f1d55 @ Sat Aug  8 12:43:58 UTC 2026
// 重构日志: 775aa07f
